
> hackathon-template@0.1.0 build
> next build

node.exe : ΓÜá Warning: Next.js 
inferred your workspace root, but 
it may not be correct.
At C:\Program 
Files\nodejs\npm.ps1:29 char:3
+   & $NODE_EXE $NPM_CLI_JS $args
+   ~~~~~~~~~~~~~~~~~~~~~~~~~~~~~
    + CategoryInfo          : NotSp 
   ecified: (ΓÜá Warning: Ne...not  
   be correct.:String) [], Remote   
 Exception
    + FullyQualifiedErrorId : Nativ 
   eCommandError
 
 We detected multiple lockfiles and 
selected the directory of 
C:\Users\monal\package-lock.json as 
the root directory.
 To silence this warning, set 
`turbopack.root` in your Next.js 
config, or consider removing one of 
the lockfiles if it's not needed.
   See https://nextjs.org/docs/app/a
pi-reference/config/next-config-js/t
urbopack#root-directory for more 
information.
 Detected additional lockfiles: 
   * C:\Users\monal\Desktop\codehunt
\pnpm-lock.yaml

Γû▓ Next.js 16.1.6 (Turbopack)
- Environments: .env.local
- Experiments (use with caution):
  ┬╖ serverActions

  Creating an optimized production build ...
Γ£ô Compiled successfully in 18.6s
  Running TypeScript ...
  Collecting page data using 11 workers ...
  Generating static pages using 11 workers (0/21) ...
  Generating static pages using 11 workers (5/21) 
  Generating static pages using 11 workers (10/21) 
  Generating static pages using 11 workers (15/21) 
Γ£ô Generating static pages using 11 workers (21/21) in 541.7ms
  Finalizing page optimization ...

Route (app)
Γöî ╞Æ /
Γö£ ╞Æ /_not-found
Γö£ ╞Æ /agents
Γö£ ╞Æ /agents/[agentId]
Γö£ ╞Æ /auth/confirm
Γö£ ╞Æ /auth/error
Γö£ ╞Æ /auth/forget-password
Γö£ ╞Æ /auth/login
Γö£ ╞Æ /auth/sign-up
Γö£ ╞Æ /auth/sign-up-success
Γö£ ╞Æ /auth/update-password
Γö£ ╞Æ /dashboard
Γö£ ╞Æ /dashboard/my-offers
Γö£ ╞Æ /dashboard/offers
Γö£ ╞Æ /dashboard/portfolio
Γö£ ╞Æ /offers/[offerId]
Γö£ ╞Æ /onboarding
Γö£ ╞Æ /profile
Γö£ ╞Æ /profile/[profileId]
Γö£ ╞Æ /properties
Γö£ ╞Æ /properties/[propertyId]
Γö£ ╞Æ /properties/new
Γöö ╞Æ /search


╞Æ  (Dynamic)  server-rendered on demand

